// Jest Snapshot v1, https://goo.gl/fbAQLP

exports[`matches snapshot 1`] = `
<DocumentFragment>
  <div>
    <div
      id="bxclr"
      style="height: 5em; width: 5em; background-color: blue;"
    />
    <button
      id="rmvbttn"
      title="Remove The Box!"
    >
      X
    </button>
  </div>
</DocumentFragment>
`;
